2018-05-12 18:32:27.738430,IMAGE,d8ede43e1d9f,Customer does not exist for this image upload!
2018-05-12 18:33:43.609017,IMAGE,d8ede43e1d9f,Customer does not exist for this image upload!
2018-05-12 18:33:55.156346,IMAGE,d8ede43e1d9f,Customer does not exist for this image upload!
2018-05-12 18:34:19.270166,IMAGE,d8ede43e1d9f,Customer does not exist for this image upload!
2018-05-12 18:35:05.871110,IMAGE,d8ede43e1d9f,Customer does not exist for this image upload!
2018-05-12 18:35:21.301383,IMAGE,d8ede43e1d9f,Customer does not exist for this image upload!
2018-05-12 18:36:10.519588,IMAGE,d8ede43e1d9f,Customer does not exist for this image upload!
